src/lib/models/Event.ts(1,44): error TS2307: Cannot find module 'mongoose' or its corresponding type declarations.
